<html>
<body>
<pre>
<h1>µVision Build Log</h1>
<h2>Tool Versions:</h2>
IDE-Version: µVision V5.25.2.0
Copyright (C) 2018 ARM Ltd and ARM Germany GmbH. All rights reserved.
License Information: hau phan, bachkhoa, LIC=IK1BF-65BFU-RAJDM-X6EM3-21WVW-ZAP27
 
Tool Versions:
Toolchain:       MDK-ARM Plus  Version: 5.25.2.0
Toolchain Path:  C:\Keil_v5\ARM\ARMCC\Bin
C Compiler:      Armcc.exe V5.06 update 6 (build 750)
Assembler:       Armasm.exe V5.06 update 6 (build 750)
Linker/Locator:  ArmLink.exe V5.06 update 6 (build 750)
Library Manager: ArmAr.exe V5.06 update 6 (build 750)
Hex Converter:   FromElf.exe V5.06 update 6 (build 750)
CPU DLL:         SARMCM3.DLL V5.25.2.0
Dialog DLL:      DCM.DLL V1.17.1.0
Target DLL:      STLink\ST-LINKIII-KEIL_SWO.dll V3.0.1.0
Dialog DLL:      TCM.DLL V1.35.1.0
 
<h2>Project:</h2>
C:\Users\Hau\Documents\stm32\F4_driver_robot\MDK-ARM\F4_driver_robot.uvprojx
Project File Date:  01/08/2023

<h2>Output:</h2>
*** Using Compiler 'V5.06 update 6 (build 750)', folder: 'C:\Keil_v5\ARM\ARMCC\Bin'
Build target 'F4_driver_robot'
compiling main.c...
../Core/Src/main.c(97): warning:  #1295-D: Deprecated declaration Pop_Rx_Data - give arg types
  uint8_t Pop_Rx_Data();
../Core/Src/main.c(698): warning:  #177-D: variable "temp1"  was declared but never referenced
  		int temp = encoder_cnt1,temp1, t =3;
../Core/Src/main.c(698): warning:  #177-D: variable "t"  was declared but never referenced
  		int temp = encoder_cnt1,temp1, t =3;
../Core/Src/main.c(739): warning:  #188-D: enumerated type mixed with another type
  			HAL_GPIO_WritePin(GPIOA,GPIO_PIN_8,0);
../Core/Src/main.c(740): warning:  #188-D: enumerated type mixed with another type
  			HAL_GPIO_WritePin(GPIOA,GPIO_PIN_9,1);	
../Core/Src/main.c(746): warning:  #188-D: enumerated type mixed with another type
  			HAL_GPIO_WritePin(GPIOA,GPIO_PIN_8,1);
../Core/Src/main.c(747): warning:  #188-D: enumerated type mixed with another type
  			HAL_GPIO_WritePin(GPIOA,GPIO_PIN_9,0);
../Core/Src/main.c(752): warning:  #188-D: enumerated type mixed with another type
  			HAL_GPIO_WritePin(GPIOA,GPIO_PIN_8,0);
../Core/Src/main.c(753): warning:  #188-D: enumerated type mixed with another type
  			HAL_GPIO_WritePin(GPIOA,GPIO_PIN_9,0);
../Core/Src/main.c(779): warning:  #188-D: enumerated type mixed with another type
  			HAL_GPIO_WritePin(GPIOC,GPIO_PIN_8,0);
../Core/Src/main.c(780): warning:  #188-D: enumerated type mixed with another type
  			HAL_GPIO_WritePin(GPIOC,GPIO_PIN_9,1);	
../Core/Src/main.c(786): warning:  #188-D: enumerated type mixed with another type
  			HAL_GPIO_WritePin(GPIOC,GPIO_PIN_8,1);
../Core/Src/main.c(787): warning:  #188-D: enumerated type mixed with another type
  			HAL_GPIO_WritePin(GPIOC,GPIO_PIN_9,0);
../Core/Src/main.c(792): warning:  #188-D: enumerated type mixed with another type
  			HAL_GPIO_WritePin(GPIOC,GPIO_PIN_8,0);
../Core/Src/main.c(793): warning:  #188-D: enumerated type mixed with another type
  			HAL_GPIO_WritePin(GPIOC,GPIO_PIN_9,0);
../Core/Src/main.c(818): warning:  #188-D: enumerated type mixed with another type
  			HAL_GPIO_WritePin(GPIOA,GPIO_PIN_8,0);
../Core/Src/main.c(819): warning:  #188-D: enumerated type mixed with another type
  			HAL_GPIO_WritePin(GPIOA,GPIO_PIN_9,1);	
../Core/Src/main.c(825): warning:  #188-D: enumerated type mixed with another type
  			HAL_GPIO_WritePin(GPIOA,GPIO_PIN_8,1);
../Core/Src/main.c(826): warning:  #188-D: enumerated type mixed with another type
  			HAL_GPIO_WritePin(GPIOA,GPIO_PIN_9,0);
../Core/Src/main.c(845): warning:  #188-D: enumerated type mixed with another type
  			HAL_GPIO_WritePin(GPIOC,GPIO_PIN_8,0);
../Core/Src/main.c(846): warning:  #188-D: enumerated type mixed with another type
  			HAL_GPIO_WritePin(GPIOC,GPIO_PIN_9,1);	
../Core/Src/main.c(852): warning:  #188-D: enumerated type mixed with another type
  			HAL_GPIO_WritePin(GPIOC,GPIO_PIN_8,1);
../Core/Src/main.c(853): warning:  #188-D: enumerated type mixed with another type
  			HAL_GPIO_WritePin(GPIOC,GPIO_PIN_9,0);
../Core/Src/main.c(911): warning:  #188-D: enumerated type mixed with another type
  		HAL_GPIO_WritePin(GPIOD,GPIO_PIN_13,1);
../Core/Src/main.c(912): warning:  #188-D: enumerated type mixed with another type
  		HAL_GPIO_WritePin(GPIOD,GPIO_PIN_12,0);
../Core/Src/main.c(913): warning:  #188-D: enumerated type mixed with another type
  		HAL_GPIO_WritePin(GPIOD,GPIO_PIN_14,0);
../Core/Src/main.c(914): warning:  #188-D: enumerated type mixed with another type
  		HAL_GPIO_WritePin(GPIOD,GPIO_PIN_15,0);
../Core/Src/main.c(919): warning:  #188-D: enumerated type mixed with another type
  		HAL_GPIO_WritePin(GPIOD,GPIO_PIN_15,1);
../Core/Src/main.c(920): warning:  #188-D: enumerated type mixed with another type
  		HAL_GPIO_WritePin(GPIOD,GPIO_PIN_12,0);
../Core/Src/main.c(921): warning:  #188-D: enumerated type mixed with another type
  		HAL_GPIO_WritePin(GPIOD,GPIO_PIN_13,0);
../Core/Src/main.c(922): warning:  #188-D: enumerated type mixed with another type
  		HAL_GPIO_WritePin(GPIOD,GPIO_PIN_14,0);
../Core/Src/main.c(927): warning:  #188-D: enumerated type mixed with another type
  		HAL_GPIO_WritePin(GPIOD,GPIO_PIN_12,1);
../Core/Src/main.c(928): warning:  #188-D: enumerated type mixed with another type
  		HAL_GPIO_WritePin(GPIOD,GPIO_PIN_13,0);
../Core/Src/main.c(929): warning:  #188-D: enumerated type mixed with another type
  		HAL_GPIO_WritePin(GPIOD,GPIO_PIN_14,0);
../Core/Src/main.c(930): warning:  #188-D: enumerated type mixed with another type
  		HAL_GPIO_WritePin(GPIOD,GPIO_PIN_15,0);
../Core/Src/main.c(936): warning:  #188-D: enumerated type mixed with another type
  		HAL_GPIO_WritePin(GPIOD,GPIO_PIN_14,1);
../Core/Src/main.c(937): warning:  #188-D: enumerated type mixed with another type
  		HAL_GPIO_WritePin(GPIOD,GPIO_PIN_12,0);
../Core/Src/main.c(938): warning:  #188-D: enumerated type mixed with another type
  		HAL_GPIO_WritePin(GPIOD,GPIO_PIN_13,0);
../Core/Src/main.c(939): warning:  #188-D: enumerated type mixed with another type
  		HAL_GPIO_WritePin(GPIOD,GPIO_PIN_15,0);
../Core/Src/main.c(945): warning:  #188-D: enumerated type mixed with another type
  		HAL_GPIO_WritePin(GPIOD,GPIO_PIN_12,0);
../Core/Src/main.c(946): warning:  #188-D: enumerated type mixed with another type
  		HAL_GPIO_WritePin(GPIOD,GPIO_PIN_13,0);
../Core/Src/main.c(947): warning:  #188-D: enumerated type mixed with another type
  		HAL_GPIO_WritePin(GPIOD,GPIO_PIN_14,0);
../Core/Src/main.c(948): warning:  #188-D: enumerated type mixed with another type
  		HAL_GPIO_WritePin(GPIOD,GPIO_PIN_15,0);
../Core/Src/main.c: 43 warnings, 0 errors
linking...
Program Size: Code=18422 RO-data=458 RW-data=320 ZI-data=2944  
FromELF: creating hex file...
"F4_driver_robot\F4_driver_robot.axf" - 0 Error(s), 43 Warning(s).

<h2>Software Packages used:</h2>

Package Vendor: ARM
                http://www.keil.com/pack/ARM.CMSIS.5.7.0.pack
                ARM.CMSIS.5.7.0
                CMSIS (Cortex Microcontroller Software Interface Standard)
   * Component: CORE Version: 5.4.0

Package Vendor: Keil
                http://www.keil.com/pack/Keil.STM32F4xx_DFP.2.11.0.pack
                Keil.STM32F4xx_DFP.2.11.0
                STMicroelectronics STM32F4 Series Device Support, Drivers and Examples

<h2>Collection of Component include folders:</h2>
  .\RTE\_F4_driver_robot
  C:\Users\Hau\AppData\Local\Arm\Packs\ARM\CMSIS\5.7.0\CMSIS\Core\Include
  C:\Users\Hau\AppData\Local\Arm\Packs\Keil\STM32F4xx_DFP\2.11.0\Drivers\CMSIS\Device\ST\STM32F4xx\Include

<h2>Collection of Component Files used:</h2>

   * Component: ARM::CMSIS:CORE:5.4.0
      Include file:  CMSIS\Core\Include\tz_context.h
Build Time Elapsed:  00:00:09
</pre>
</body>
</html>
